Flow report for Pokemon-SVE
Mon Nov 25 05:14:40 2019
Quartus Prime Version 18.1.0 Build 625 09/12/2018 SJ Lite Edition


---------------------
; Table of Contents ;
---------------------
  1. Legal Notice
  2. Flow Summary
  3. Flow Settings
  4. Flow Non-Default Global Settings
  5. Flow Elapsed Time
  6. Flow OS Summary
  7. Flow Log
  8. Flow Messages
  9. Flow Suppressed Messages



----------------
; Legal Notice ;
----------------
Copyright (C) 2018  Intel Corporation. All rights reserved.
Your use of Intel Corporation's design tools, logic functions 
and other software and tools, and its AMPP partner logic 
functions, and any output files from any of the foregoing 
(including device programming or simulation files), and any 
associated documentation or information are expressly subject 
to the terms and conditions of the Intel Program License 
Subscription Agreement, the Intel Quartus Prime License Agreement,
the Intel FPGA IP License Agreement, or other applicable license
agreement, including, without limitation, that your use is for
the sole purpose of programming logic devices manufactured by
Intel and sold by Intel or its authorized distributors.  Please
refer to the applicable agreement for further details.



+----------------------------------------------------------------------------------+
; Flow Summary                                                                     ;
+------------------------------------+---------------------------------------------+
; Flow Status                        ; Successful - Mon Nov 25 05:14:40 2019       ;
; Quartus Prime Version              ; 18.1.0 Build 625 09/12/2018 SJ Lite Edition ;
; Revision Name                      ; Pokemon-SVE                                 ;
; Top-level Entity Name              ; lab8                                        ;
; Family                             ; Cyclone IV E                                ;
; Device                             ; EP4CE115F29C7                               ;
; Timing Models                      ; Final                                       ;
; Total logic elements               ; 33,314 / 114,480 ( 29 % )                   ;
;     Total combinational functions  ; 32,622 / 114,480 ( 28 % )                   ;
;     Dedicated logic registers      ; 2,136 / 114,480 ( 2 % )                     ;
; Total registers                    ; 2255                                        ;
; Total pins                         ; 128 / 529 ( 24 % )                          ;
; Total virtual pins                 ; 0                                           ;
; Total memory bits                  ; 1,661,920 / 3,981,312 ( 42 % )              ;
; Embedded Multiplier 9-bit elements ; 0 / 532 ( 0 % )                             ;
; Total PLLs                         ; 2 / 4 ( 50 % )                              ;
+------------------------------------+---------------------------------------------+


+-----------------------------------------+
; Flow Settings                           ;
+-------------------+---------------------+
; Option            ; Setting             ;
+-------------------+---------------------+
; Start date & time ; 11/25/2019 04:48:12 ;
; Main task         ; Compilation         ;
; Revision Name     ; Pokemon-SVE         ;
+-------------------+---------------------+


+-----------------------------------------------------------------------------------------------------------------------------------------------------+
; Flow Non-Default Global Settings                                                                                                                    ;
+-------------------------------------+------------------------------------------------------------+---------------+-----------------+----------------+
; Assignment Name                     ; Value                                                      ; Default Value ; Entity Name     ; Section Id     ;
+-------------------------------------+------------------------------------------------------------+---------------+-----------------+----------------+
; COMPILER_SIGNATURE_ID               ; 61811222300825.157468609200584                             ; --            ; --              ; --             ;
; EDA_OUTPUT_DATA_FORMAT              ; Systemverilog Hdl                                          ; --            ; --              ; eda_simulation ;
; EDA_SIMULATION_TOOL                 ; ModelSim-Altera (SystemVerilog)                            ; <None>        ; --              ; --             ;
; EDA_TIME_SCALE                      ; 1 ps                                                       ; --            ; --              ; eda_simulation ;
; MAX_CORE_JUNCTION_TEMP              ; 85                                                         ; --            ; --              ; --             ;
; MIN_CORE_JUNCTION_TEMP              ; 0                                                          ; --            ; --              ; --             ;
; MISC_FILE                           ; lab8_soc/synthesis/../lab8_soc.cmp                         ; --            ; --              ; --             ;
; MISC_FILE                           ; lab8_soc/synthesis/../../lab8_soc.qsys                     ; --            ; --              ; --             ;
; NOMINAL_CORE_SUPPLY_VOLTAGE         ; 1.2V                                                       ; --            ; --              ; --             ;
; PARTITION_COLOR                     ; -- (Not supported for targeted family)                     ; --            ; DE2_115_Default ; Top            ;
; PARTITION_COLOR                     ; -- (Not supported for targeted family)                     ; --            ; lab8            ; Top            ;
; PARTITION_FITTER_PRESERVATION_LEVEL ; -- (Not supported for targeted family)                     ; --            ; DE2_115_Default ; Top            ;
; PARTITION_FITTER_PRESERVATION_LEVEL ; -- (Not supported for targeted family)                     ; --            ; lab8            ; Top            ;
; PARTITION_NETLIST_TYPE              ; -- (Not supported for targeted family)                     ; --            ; DE2_115_Default ; Top            ;
; PARTITION_NETLIST_TYPE              ; -- (Not supported for targeted family)                     ; --            ; lab8            ; Top            ;
; POWER_BOARD_THERMAL_MODEL           ; None (CONSERVATIVE)                                        ; --            ; --              ; --             ;
; POWER_PRESET_COOLING_SOLUTION       ; 23 MM HEAT SINK WITH 200 LFPM AIRFLOW                      ; --            ; --              ; --             ;
; PROJECT_OUTPUT_DIRECTORY            ; output_files                                               ; --            ; --              ; --             ;
; SLD_FILE                            ; lab8_soc/synthesis/lab8_soc.regmap                         ; --            ; --              ; --             ;
; SLD_FILE                            ; lab8_soc/synthesis/lab8_soc.debuginfo                      ; --            ; --              ; --             ;
; SLD_INFO                            ; QSYS_NAME lab8_soc HAS_SOPCINFO 1 GENERATION_ID 1574213723 ; --            ; lab8_soc        ; --             ;
; SOPCINFO_FILE                       ; lab8_soc/synthesis/../../lab8_soc.sopcinfo                 ; --            ; --              ; --             ;
; SYNTHESIS_ONLY_QIP                  ; On                                                         ; --            ; --              ; --             ;
; TOP_LEVEL_ENTITY                    ; lab8                                                       ; Pokemon-SVE   ; --              ; --             ;
+-------------------------------------+------------------------------------------------------------+---------------+-----------------+----------------+


+--------------------------------------------------------------------------------------------------------------------------+
; Flow Elapsed Time                                                                                                        ;
+----------------------+--------------+-------------------------+---------------------+------------------------------------+
; Module Name          ; Elapsed Time ; Average Processors Used ; Peak Virtual Memory ; Total CPU Time (on all processors) ;
+----------------------+--------------+-------------------------+---------------------+------------------------------------+
; Analysis & Synthesis ; 00:17:57     ; 1.0                     ; 5242 MB             ; 00:18:20                           ;
; Fitter               ; 00:07:28     ; 1.1                     ; 6264 MB             ; 00:10:50                           ;
; Assembler            ; 00:00:05     ; 1.0                     ; 4796 MB             ; 00:00:05                           ;
; Timing Analyzer      ; 00:00:13     ; 1.5                     ; 5283 MB             ; 00:00:16                           ;
; EDA Netlist Writer   ; 00:00:30     ; 1.0                     ; 5070 MB             ; 00:00:26                           ;
; Total                ; 00:26:13     ; --                      ; --                  ; 00:29:57                           ;
+----------------------+--------------+-------------------------+---------------------+------------------------------------+


+------------------------------------------------------------------------------------+
; Flow OS Summary                                                                    ;
+----------------------+------------------+------------+------------+----------------+
; Module Name          ; Machine Hostname ; OS Name    ; OS Version ; Processor type ;
+----------------------+------------------+------------+------------+----------------+
; Analysis & Synthesis ; M8               ; Windows 10 ; 10.0       ; x86_64         ;
; Fitter               ; M8               ; Windows 10 ; 10.0       ; x86_64         ;
; Assembler            ; M8               ; Windows 10 ; 10.0       ; x86_64         ;
; Timing Analyzer      ; M8               ; Windows 10 ; 10.0       ; x86_64         ;
; EDA Netlist Writer   ; M8               ; Windows 10 ; 10.0       ; x86_64         ;
+----------------------+------------------+------------+------------+----------------+


------------
; Flow Log ;
------------
quartus_map --read_settings_files=on --write_settings_files=off Pokemon-SVE -c Pokemon-SVE
quartus_fit --read_settings_files=off --write_settings_files=off Pokemon-SVE -c Pokemon-SVE
quartus_asm --read_settings_files=off --write_settings_files=off Pokemon-SVE -c Pokemon-SVE
quartus_sta Pokemon-SVE -c Pokemon-SVE
quartus_eda --read_settings_files=off --write_settings_files=off Pokemon-SVE -c Pokemon-SVE



